// Jest Snapshot v1, https://goo.gl/fbAQLP

exports[`as a u user I can show filtered years 1`] = `
<div
  className="table-responsive"
>
  <table
    className="table table-borderless table-sm"
  >
    <tbody>
      <tr>
        <td>
          <table
            className="table table-bordered"
          >
            <thead
              className="thead-light"
            >
              <tr>
                <th>
                   
                </th>
              </tr>
              <tr>
                <th>
                  Denominacion
                </th>
              </tr>
              <tr>
                <td>
                  Serie desestacionalizada
                </td>
              </tr>
              <tr>
                <td>
                  Tendencia ciclo
                </td>
              </tr>
            </thead>
          </table>
        </td>
        <td>
          <table
            className="table table-bordered"
          >
            <thead
              className="thead-light"
            >
              <tr>
                <th
                  className="text-center"
                  colSpan={12}
                >
                  2016
                </th>
              </tr>
              <tr>
                <th
                  scope="col"
                >
                  Ene
                </th>
                <th
                  scope="col"
                >
                  Feb
                </th>
                <th
                  scope="col"
                >
                  Mar
                </th>
                <th
                  scope="col"
                >
                  Abr
                </th>
                <th
                  scope="col"
                >
                  May
                </th>
                <th
                  scope="col"
                >
                  Jun
                </th>
                <th
                  scope="col"
                >
                  Jul
                </th>
                <th
                  scope="col"
                >
                  Ago
                </th>
                <th
                  scope="col"
                >
                  Sep
                </th>
                <th
                  scope="col"
                >
                  Oct
                </th>
                <th
                  scope="col"
                >
                  Nov
                </th>
                <th
                  scope="col"
                >
                  Dic
                </th>
              </tr>
            </thead>
            <tbody>
              <tr>
                <td>
                  4.1
                </td>
                <td>
                  4.3
                </td>
                <td>
                  4.1
                </td>
                <td>
                  3.8
                </td>
                <td>
                  4
                </td>
                <td>
                  3.9
                </td>
                <td>
                  3.8
                </td>
                <td>
                  3.8
                </td>
                <td>
                  3.9
                </td>
                <td>
                  3.6
                </td>
                <td>
                  3.6
                </td>
                <td>
                  3.6
                </td>
              </tr>
              <tr>
                <td>
                  4.2
                </td>
                <td>
                  4.2
                </td>
                <td>
                  4.1
                </td>
                <td>
                  4
                </td>
                <td>
                  4
                </td>
                <td>
                  3.9
                </td>
                <td>
                  3.9
                </td>
                <td>
                  3.8
                </td>
                <td>
                  3.7
                </td>
                <td>
                  3.7
                </td>
                <td>
                  3.6
                </td>
                <td>
                  3.6
                </td>
              </tr>
            </tbody>
          </table>
        </td>
      </tr>
    </tbody>
  </table>
  <table
    className="table table-borderless table-sm"
  >
    <tbody>
      <tr>
        <td>
          <table
            className="table table-bordered"
          >
            <thead
              className="thead-light"
            >
              <tr>
                <th>
                   
                </th>
              </tr>
              <tr>
                <th>
                  Denominacion
                </th>
              </tr>
              <tr>
                <td>
                  Serie desestacionalizada
                </td>
              </tr>
              <tr>
                <td>
                  Tendencia ciclo
                </td>
              </tr>
            </thead>
          </table>
        </td>
        <td>
          <table
            className="table table-bordered"
          >
            <thead
              className="thead-light"
            >
              <tr>
                <th
                  className="text-center"
                  colSpan={12}
                >
                  2017
                </th>
              </tr>
              <tr>
                <th
                  scope="col"
                >
                  Ene
                </th>
                <th
                  scope="col"
                >
                  Feb
                </th>
                <th
                  scope="col"
                >
                  Mar
                </th>
                <th
                  scope="col"
                >
                  Abr
                </th>
                <th
                  scope="col"
                >
                  May
                </th>
                <th
                  scope="col"
                >
                  Jun
                </th>
                <th
                  scope="col"
                >
                  Jul
                </th>
                <th
                  scope="col"
                >
                  Ago
                </th>
                <th
                  scope="col"
                >
                  Sep
                </th>
                <th
                  scope="col"
                >
                  Oct
                </th>
                <th
                  scope="col"
                >
                  Nov
                </th>
                <th
                  scope="col"
                >
                  Dic
                </th>
              </tr>
            </thead>
            <tbody>
              <tr>
                <td>
                  3.5
                </td>
                <td>
                  3.5
                </td>
                <td>
                  3.5
                </td>
                <td>
                  3.5
                </td>
                <td>
                  3.6
                </td>
                <td>
                  3.3
                </td>
                <td>
                  3.3
                </td>
                <td>
                  3.3
                </td>
                <td>
                  3.4
                </td>
                <td>
                  3.4
                </td>
                <td>
                  3.5
                </td>
                <td>
                  3.3
                </td>
              </tr>
              <tr>
                <td>
                  3.5
                </td>
                <td>
                  3.5
                </td>
                <td>
                  3.5
                </td>
                <td>
                  3.4
                </td>
                <td>
                  3.4
                </td>
                <td>
                  3.3
                </td>
                <td>
                  3.3
                </td>
                <td>
                  3.3
                </td>
                <td>
                  3.4
                </td>
                <td>
                  3.4
                </td>
                <td>
                  3.4
                </td>
                <td>
                  3.4
                </td>
              </tr>
            </tbody>
          </table>
        </td>
      </tr>
    </tbody>
  </table>
  <table
    className="table table-borderless table-sm"
  >
    <tbody>
      <tr>
        <td>
          <table
            className="table table-bordered"
          >
            <thead
              className="thead-light"
            >
              <tr>
                <th>
                   
                </th>
              </tr>
              <tr>
                <th>
                  Denominacion
                </th>
              </tr>
              <tr>
                <td>
                  Serie desestacionalizada
                </td>
              </tr>
              <tr>
                <td>
                  Tendencia ciclo
                </td>
              </tr>
            </thead>
          </table>
        </td>
        <td>
          <table
            className="table table-bordered"
          >
            <thead
              className="thead-light"
            >
              <tr>
                <th
                  className="text-center"
                  colSpan={12}
                >
                  2018
                </th>
              </tr>
              <tr>
                <th
                  scope="col"
                >
                  Ene
                </th>
                <th
                  scope="col"
                >
                  Feb
                </th>
                <th
                  scope="col"
                >
                  Mar
                </th>
                <th
                  scope="col"
                >
                  Abr
                </th>
                <th
                  scope="col"
                >
                  May
                </th>
                <th
                  scope="col"
                >
                  Jun
                </th>
                <th
                  scope="col"
                >
                  Jul
                </th>
                <th
                  scope="col"
                >
                  Ago
                </th>
                <th
                  scope="col"
                >
                  Sep
                </th>
                <th
                  scope="col"
                >
                  Oct
                </th>
                <th
                  scope="col"
                >
                  Nov
                </th>
                <th
                  scope="col"
                >
                  Dic
                </th>
              </tr>
            </thead>
            <tbody>
              <tr>
                <td>
                  3.3
                </td>
                <td>
                  3.3
                </td>
                <td>
                  3.2
                </td>
                <td>
                  3.4
                </td>
                <td>
                  3.2
                </td>
                <td>
                  3.4
                </td>
                <td>
                  3.3
                </td>
                <td>
                  3.3
                </td>
                <td>
                  3.4
                </td>
                <td>
                  3.2
                </td>
                <td>
                  3.3
                </td>
                <td>
                  3.5
                </td>
              </tr>
              <tr>
                <td>
                  3.3
                </td>
                <td>
                  3.3
                </td>
                <td>
                  3.3
                </td>
                <td>
                  3.3
                </td>
                <td>
                  3.3
                </td>
                <td>
                  3.3
                </td>
                <td>
                  3.3
                </td>
                <td>
                  3.3
                </td>
                <td>
                  3.3
                </td>
                <td>
                  3.4
                </td>
                <td>
                  3.4
                </td>
                <td>
                  3.4
                </td>
              </tr>
            </tbody>
          </table>
        </td>
      </tr>
    </tbody>
  </table>
  <table
    className="table table-borderless table-sm"
  >
    <tbody>
      <tr>
        <td>
          <table
            className="table table-bordered"
          >
            <thead
              className="thead-light"
            >
              <tr>
                <th>
                   
                </th>
              </tr>
              <tr>
                <th>
                  Denominacion
                </th>
              </tr>
              <tr>
                <td>
                  Serie desestacionalizada
                </td>
              </tr>
              <tr>
                <td>
                  Tendencia ciclo
                </td>
              </tr>
            </thead>
          </table>
        </td>
        <td>
          <table
            className="table table-bordered"
          >
            <thead
              className="thead-light"
            >
              <tr>
                <th
                  className="text-center"
                  colSpan={12}
                >
                  2019
                </th>
              </tr>
              <tr>
                <th
                  scope="col"
                >
                  Ene
                </th>
                <th
                  scope="col"
                >
                  Feb
                </th>
                <th
                  scope="col"
                >
                  Mar
                </th>
                <th
                  scope="col"
                >
                  Abr
                </th>
                <th
                  scope="col"
                >
                  May
                </th>
                <th
                  scope="col"
                >
                  Jun
                </th>
                <th
                  scope="col"
                >
                  Jul
                </th>
                <th
                  scope="col"
                >
                  Ago
                </th>
                <th
                  scope="col"
                >
                  Sep
                </th>
                <th
                  scope="col"
                >
                  Oct
                </th>
                <th
                  scope="col"
                >
                  Nov
                </th>
                <th
                  scope="col"
                >
                  Dic
                </th>
              </tr>
            </thead>
            <tbody>
              <tr>
                <td>
                  3.5
                </td>
                <td>
                  3.4
                </td>
                <td>
                  3.6
                </td>
                <td>
                  3.5
                </td>
                <td>
                  3.5
                </td>
                <td>
                  3.6
                </td>
                <td>
                  3.6
                </td>
                <td>
                  3.6
                </td>
                <td>
                  3.5
                </td>
              </tr>
              <tr>
                <td>
                  3.4
                </td>
                <td>
                  3.5
                </td>
                <td>
                  3.5
                </td>
                <td>
                  3.5
                </td>
                <td>
                  3.5
                </td>
                <td>
                  3.5
                </td>
                <td>
                  3.6
                </td>
                <td>
                  3.6
                </td>
                <td>
                  3.6
                </td>
              </tr>
            </tbody>
          </table>
        </td>
      </tr>
    </tbody>
  </table>
</div>
`;
